(6)
(2) 3 7 14 18 20 1 21
(5) 4 6 8 15 18 1 21
(6) 4 12 13 16 17 1 21
(10) 3 11 13 17 19 1 21
(3) 1 2 5 9 16 21
(20) 10 1 21
