(6)
(2) 3 7 14 18 20 
(5) 4 6 8 15 18  
(6) 4 12 13 16 17  
(10) 3 11 13 17 19  
(3) 1 2 5 9 16 
(20) 10 
