New Solution Size : 10
New Solution Size : 9
(9)
(1) 8 12 15 17 21 
(2) 8 10 14 22 30 
(5) 7 10 16 17 29 
(8) 1 2 9 12 23 
(10) 3 6 11 12 20 
(11) 4 22 25 26 27 
(17) 18 19 24 28 29 
(18) 2 13 18 19 29 
(25) 5 
