(7)
(12) 4 5 6 7 8 9 16 17 18 19 20 21 22 23 24 
(11) 1 2 3 5 4 7 8 9 10 11 12 13 
(7) 2 7 25 28 29 
(4) 4 14 15 16 17 18 
(10) 9 18 22 26 31 
(8) 8 12 21 28 30 
(9) 13 17 29 27 
