New Solution Size : 4
(4)
(3) 7 8 9 10 
(4) 11 12 13 
(2) 4 5 6 
(1) 1 2 3 
