New Solution Size : 5
(5)
(4) 2 5 7 8 11 17 
(3) 1 4 7 10 14 
(2) 5 6 8 9 16 
(5) 3 6 9 12 15 
(7) 13 
