(6)
(1) 6 7 8 16 18 
(3) 6 8 11 13 17 
(6) 1 9 14 16 17 
(7) 5 10 11 15 19 
(8) 2 4 11 14 20 
(12) 3 7 12 19 20 
