New Solution Size : 16
(16)
(8) 2 7 24 37 38 39 40 41 42 
(24) 13 18 26 36 49 53 59 63 
(19) 22 41 55 57 60 61 62 
(2) 1 14 15 16 17 18 
(21) 11 25 32 51 60 63 
(14) 5 16 34 38 48 
(15) 30 50 51 52 53 
(3) 6 19 20 21 22 
(18) 40 54 57 58 59 
(9) 8 14 20 43 44 
(11) 3 33 37 45 46 
(16) 31 35 44 47 
(5) 23 27 28 29 
(12) 4 9 15 47 
(22) 12 42 56 61 
(13) 10 48 49 
