(9)
(2) 4 5 6 7 8 9 10 
(4) 4 14 15 16 17 18 
(11) 2 7 25 27 28 29 
(3) 1 11 12 13 
(8) 15 19 24 25 26 
(7) 14 21 22 23 
(15) 3 10 23 31 
(12) 8 12 21 28 30 
(10) 6 16 20 24 
